
   FAIL  Tests\Feature\AdminTest
  Γ¿» admin can get stats
  Γ¿» admin can get users
  Γ¿» admin can delete user
  Γ¿» admin can get jobs
  Γ¿» admin can update job status
  Γ¿» admin can delete job
  Γ¿» admin can get proposals
  Γ¿» admin can delete proposal
  ΓöÇΓöÇΓöÇΓöÇΓöÇΓöÇΓöÇΓöÇΓöÇΓöÇΓöÇΓöÇΓöÇΓöÇΓöÇΓöÇ  
   FAILED  Tests\Feature\AdminTest > admin can get stats  QueryException   
  Database file at path [postgres] does not exist. Ensure this is an absolute path to the database. (Connection: sqlite, SQL: select exists (select 1 from "main".sqlite_master where name = 'migrations' and type = 'table') as "exists")

  at vendor\laravel\framework\src\Illuminate\Database\Connection.php:824
    820Γûò                     $this->getName(), $query, $this->prepareBindings($bindings), $e
    821Γûò                 );
    822Γûò             }
    823Γûò 
  Γ₧£ 824Γûò             throw new QueryException(
    825Γûò                 $this->getName(), $query, $this->prepareBindings($bindings), $e
    826Γûò             );
    827Γûò         }
    828Γûò     }

  1   vendor\laravel\framework\src\Illuminate\Database\Connection.php:824

  2   vendor\laravel\framework\src\Illuminate\Database\Connectors\SQLiteConnector.php:60
      NunoMaduro\Collision\Exceptions\TestException::("Database file at path [postgres] does not exist. Ensure this is an absolute path to the database.")

  ΓöÇΓöÇΓöÇΓöÇΓöÇΓöÇΓöÇΓöÇΓöÇΓöÇΓöÇΓöÇΓöÇΓöÇΓöÇΓöÇ  
   FAILED  Tests\Feature\AdminTest > admin can get users  QueryException   
  Database file at path [postgres] does not exist. Ensure this is an absolute path to the database. (Connection: sqlite, SQL: select exists (select 1 from "main".sqlite_master where name = 'migrations' and type = 'table') as "exists")

  at vendor\laravel\framework\src\Illuminate\Database\Connection.php:824
    820Γûò                     $this->getName(), $query, $this->prepareBindings($bindings), $e
    821Γûò                 );
    822Γûò             }
    823Γûò 
  Γ₧£ 824Γûò             throw new QueryException(
    825Γûò                 $this->getName(), $query, $this->prepareBindings($bindings), $e
    826Γûò             );
    827Γûò         }
    828Γûò     }

  1   vendor\laravel\framework\src\Illuminate\Database\Connection.php:824

  2   vendor\laravel\framework\src\Illuminate\Database\Connectors\SQLiteConnector.php:60
      NunoMaduro\Collision\Exceptions\TestException::("Database file at path [postgres] does not exist. Ensure this is an absolute path to the database.")

  ΓöÇΓöÇΓöÇΓöÇΓöÇΓöÇΓöÇΓöÇΓöÇΓöÇΓöÇΓöÇΓöÇΓöÇΓöÇΓöÇ  
   FAILED  Tests\Feature\AdminTest > admin can delete user  QueryException   
  Database file at path [postgres] does not exist. Ensure this is an absolute path to the database. (Connection: sqlite, SQL: select exists (select 1 from "main".sqlite_master where name = 'migrations' and type = 'table') as "exists")

  at vendor\laravel\framework\src\Illuminate\Database\Connection.php:824
    820Γûò                     $this->getName(), $query, $this->prepareBindings($bindings), $e
    821Γûò                 );
    822Γûò             }
    823Γûò 
  Γ₧£ 824Γûò             throw new QueryException(
    825Γûò                 $this->getName(), $query, $this->prepareBindings($bindings), $e
    826Γûò             );
    827Γûò         }
    828Γûò     }

  1   vendor\laravel\framework\src\Illuminate\Database\Connection.php:824

  2   vendor\laravel\framework\src\Illuminate\Database\Connectors\SQLiteConnector.php:60
      NunoMaduro\Collision\Exceptions\TestException::("Database file at path [postgres] does not exist. Ensure this is an absolute path to the database.")

  ΓöÇΓöÇΓöÇΓöÇΓöÇΓöÇΓöÇΓöÇΓöÇΓöÇΓöÇΓöÇΓöÇΓöÇΓöÇΓöÇ  
   FAILED  Tests\Feature\AdminTest > admin can get jobs  QueryException   
  Database file at path [postgres] does not exist. Ensure this is an absolute path to the database. (Connection: sqlite, SQL: select exists (select 1 from "main".sqlite_master where name = 'migrations' and type = 'table') as "exists")

  at vendor\laravel\framework\src\Illuminate\Database\Connection.php:824
    820Γûò                     $this->getName(), $query, $this->prepareBindings($bindings), $e
    821Γûò                 );
    822Γûò             }
    823Γûò 
  Γ₧£ 824Γûò             throw new QueryException(
    825Γûò                 $this->getName(), $query, $this->prepareBindings($bindings), $e
    826Γûò             );
    827Γûò         }
    828Γûò     }

  1   vendor\laravel\framework\src\Illuminate\Database\Connection.php:824

  2   vendor\laravel\framework\src\Illuminate\Database\Connectors\SQLiteConnector.php:60
      NunoMaduro\Collision\Exceptions\TestException::("Database file at path [postgres] does not exist. Ensure this is an absolute path to the database.")

  ΓöÇΓöÇΓöÇΓöÇΓöÇΓöÇΓöÇΓöÇΓöÇΓöÇΓöÇΓöÇΓöÇΓöÇΓöÇΓöÇ  
   FAILED  Tests\Feature\AdminTest > admin can update job status  QueryException   
  Database file at path [postgres] does not exist. Ensure this is an absolute path to the database. (Connection: sqlite, SQL: select exists (select 1 from "main".sqlite_master where name = 'migrations' and type = 'table') as "exists")

  at vendor\laravel\framework\src\Illuminate\Database\Connection.php:824
    820Γûò                     $this->getName(), $query, $this->prepareBindings($bindings), $e
    821Γûò                 );
    822Γûò             }
    823Γûò 
  Γ₧£ 824Γûò             throw new QueryException(
    825Γûò                 $this->getName(), $query, $this->prepareBindings($bindings), $e
    826Γûò             );
    827Γûò         }
    828Γûò     }

  1   vendor\laravel\framework\src\Illuminate\Database\Connection.php:824

  2   vendor\laravel\framework\src\Illuminate\Database\Connectors\SQLiteConnector.php:60
      NunoMaduro\Collision\Exceptions\TestException::("Database file at path [postgres] does not exist. Ensure this is an absolute path to the database.")

  ΓöÇΓöÇΓöÇΓöÇΓöÇΓöÇΓöÇΓöÇΓöÇΓöÇΓöÇΓöÇΓöÇΓöÇΓöÇΓöÇ  
   FAILED  Tests\Feature\AdminTest > admin can delete job  QueryException   
  Database file at path [postgres] does not exist. Ensure this is an absolute path to the database. (Connection: sqlite, SQL: select exists (select 1 from "main".sqlite_master where name = 'migrations' and type = 'table') as "exists")

  at vendor\laravel\framework\src\Illuminate\Database\Connection.php:824
    820Γûò                     $this->getName(), $query, $this->prepareBindings($bindings), $e
    821Γûò                 );
    822Γûò             }
    823Γûò 
  Γ₧£ 824Γûò             throw new QueryException(
    825Γûò                 $this->getName(), $query, $this->prepareBindings($bindings), $e
    826Γûò             );
    827Γûò         }
    828Γûò     }

  1   vendor\laravel\framework\src\Illuminate\Database\Connection.php:824

  2   vendor\laravel\framework\src\Illuminate\Database\Connectors\SQLiteConnector.php:60
      NunoMaduro\Collision\Exceptions\TestException::("Database file at path [postgres] does not exist. Ensure this is an absolute path to the database.")

  ΓöÇΓöÇΓöÇΓöÇΓöÇΓöÇΓöÇΓöÇΓöÇΓöÇΓöÇΓöÇΓöÇΓöÇΓöÇΓöÇ  
   FAILED  Tests\Feature\AdminTest > admin can get proposals  QueryException   
  Database file at path [postgres] does not exist. Ensure this is an absolute path to the database. (Connection: sqlite, SQL: select exists (select 1 from "main".sqlite_master where name = 'migrations' and type = 'table') as "exists")

  at vendor\laravel\framework\src\Illuminate\Database\Connection.php:824
    820Γûò                     $this->getName(), $query, $this->prepareBindings($bindings), $e
    821Γûò                 );
    822Γûò             }
    823Γûò 
  Γ₧£ 824Γûò             throw new QueryException(
    825Γûò                 $this->getName(), $query, $this->prepareBindings($bindings), $e
    826Γûò             );
    827Γûò         }
    828Γûò     }

  1   vendor\laravel\framework\src\Illuminate\Database\Connection.php:824

  2   vendor\laravel\framework\src\Illuminate\Database\Connectors\SQLiteConnector.php:60
      NunoMaduro\Collision\Exceptions\TestException::("Database file at path [postgres] does not exist. Ensure this is an absolute path to the database.")

  ΓöÇΓöÇΓöÇΓöÇΓöÇΓöÇΓöÇΓöÇΓöÇΓöÇΓöÇΓöÇΓöÇΓöÇΓöÇΓöÇ  
   FAILED  Tests\Feature\AdminTest > admin can delete proposal  QueryException   
  Database file at path [postgres] does not exist. Ensure this is an absolute path to the database. (Connection: sqlite, SQL: select exists (select 1 from "main".sqlite_master where name = 'migrations' and type = 'table') as "exists")

  at vendor\laravel\framework\src\Illuminate\Database\Connection.php:824
    820Γûò                     $this->getName(), $query, $this->prepareBindings($bindings), $e
    821Γûò                 );
    822Γûò             }
    823Γûò 
  Γ₧£ 824Γûò             throw new QueryException(
    825Γûò                 $this->getName(), $query, $this->prepareBindings($bindings), $e
    826Γûò             );
    827Γûò         }
    828Γûò     }

  1   vendor\laravel\framework\src\Illuminate\Database\Connection.php:824

  2   vendor\laravel\framework\src\Illuminate\Database\Connectors\SQLiteConnector.php:60
      NunoMaduro\Collision\Exceptions\TestException::("Database file at path [postgres] does not exist. Ensure this is an absolute path to the database.")


  Tests:    8 failed (0 assertions)
  Duration: 0.52s

